// Jest Snapshot v1, https://goo.gl/fbAQLP

exports[`renders correctly 1`] = `
<header
  class="MuiPaper-root MuiAppBar-root MuiAppBar-positionStatic MuiAppBar-colorDefault MuiPaper-elevation4"
>
  <div
    class="MuiToolbar-root MuiToolbar-regular MuiToolbar-gutters"
  >
    <h6
      class="MuiTypography-root MuiTypography-h6 MuiTypography-colorInherit"
    >
      Book Manager
    </h6>
  </div>
</header>
`;
